[INFO] 23:44:08 - root - Logging initialized. Logs stored in C:\Users\ben_s\Documents\Python_Scripts\PROJECTS\SideScrollerUnderwater\loggers
[INFO] 23:44:08 - root - Test the custom logger
[INFO] 23:44:08 - __main__ - Game starting up...
[INFO] 23:44:08 - src.game - [CONFIG] Game, image, and sound configs loaded
[INFO] 23:44:09 - src.game - [INFO] effects, pickups, mobs, player, weapons images loaded
[WARNING] 23:44:09 - loggers.logging_fnc - [IMAGES] 'harpoon' height doesn't fit tile size.
[INFO] 23:44:09 - src.game - [OK] Loaded mesh: C:\Users\ben_s\Documents\Python_Scripts\PROJECTS\SideScrollerUnderwater\assets\mesh_files\test_anti_g.npy
[WARNING] 23:44:09 - src.game - [WARNING] Mesh file not found: C:\Users\ben_s\Documents\Python_Scripts\PROJECTS\SideScrollerUnderwater\assets\mesh_files\level1_anti_g.npy
[WARNING] 23:44:09 - src.game - [WARNING] Mesh file not found: C:\Users\ben_s\Documents\Python_Scripts\PROJECTS\SideScrollerUnderwater\assets\mesh_files\test_waterflow.npy
[WARNING] 23:44:09 - src.game - [WARNING] Mesh file not found: C:\Users\ben_s\Documents\Python_Scripts\PROJECTS\SideScrollerUnderwater\assets\mesh_files\level1_waterflow.npy
[INFO] 23:44:09 - src.game - [INFO] music, ambient sounds loaded
[INFO] 23:44:09 - src.game - loaded player controls
[INFO] 23:44:09 - src.game - [INFO] <class 'src.sprites.Torpedo'> object_pool initialised
[INFO] 23:44:09 - src.game - [INFO] <class 'src.sprites.Harpoon'> object_pool initialised
[INFO] 23:44:09 - src.game - [INFO] <class 'src.sprites.Mine'> object_pool initialised
[INFO] 23:44:09 - src.game - [INFO] <class 'src.sprites.Daddyfish'> object_pool initialised
[INFO] 23:44:09 - src.game - [INFO] <class 'src.sprites.Dartfish'> object_pool initialised
[INFO] 23:44:09 - src.game - [INFO] <class 'src.sprites.Spinefish'> object_pool initialised
[INFO] 23:44:09 - src.game - [INIT] Object pools initialized from config\pool_config.json
[WARNING] 23:44:09 - loggers.logging_fnc - [PERF] Critical low FPS: 0.0
[WARNING] 23:44:09 - loggers.logging_fnc - [PERF] Critical low FPS: 0.0
[WARNING] 23:44:09 - loggers.logging_fnc - [PERF] Critical low FPS: 0.0
[WARNING] 23:44:09 - loggers.logging_fnc - [PERF] Critical low FPS: 0.0
[WARNING] 23:44:09 - loggers.logging_fnc - [PERF] Critical low FPS: 0.0
[WARNING] 23:44:09 - loggers.logging_fnc - [PERF] Critical low FPS: 0.0
[WARNING] 23:44:09 - loggers.logging_fnc - [PERF] Critical low FPS: 0.0
[WARNING] 23:44:09 - loggers.logging_fnc - [PERF] Critical low FPS: 0.0
[WARNING] 23:44:09 - loggers.logging_fnc - [PERF] Critical low FPS: 0.0
[WARNING] 23:44:09 - loggers.logging_fnc - [PERF] Critical low FPS: 0.0
[INFO] 23:44:52 - src.sprites - [INFO] Player picked up 'stamina'
[WARNING] 23:45:12 - loggers.logging_fnc - [POOL CHECK] Sprite '<class 'src.sprites.Dartfish'>'#1 belongs to 2 groups: [<ObjectPool(15 sprites)>, <Group(2 sprites)>]. Expected ONLY the pool.
[INFO] 23:45:13 - src.sprites - [INFO] Player picked up 'torpedos'
[WARNING] 23:45:20 - loggers.logging_fnc - [POOL CHECK] Sprite '<class 'src.sprites.Daddyfish'>'#1 belongs to 2 groups: [<ObjectPool(15 sprites)>, <Group(2 sprites)>]. Expected ONLY the pool.
[INFO] 23:45:27 - src.sprites - [INFO] Player picked up 'torpedolauncher'
[INFO] 23:45:28 - src.sprites - [INFO] Player picked up 'medikit'
[INFO] 23:45:36 - src.sprites - [INFO] Player picked up 'medikit'
