[WARNING] 12:24:58 - loggers.logging_fnc - [IMAGES] 'harpoon' height doesn't fit tile size.
[WARNING] 12:24:58 - src.game - [WARNING] Mesh file not found: /home/bensuth86/PycharmProjects/SideScollerUnderwater/assets/mesh_files/level1_anti_g.npy
[WARNING] 12:24:58 - src.game - [WARNING] Mesh file not found: /home/bensuth86/PycharmProjects/SideScollerUnderwater/assets/mesh_files/test_waterflow.npy
[WARNING] 12:24:58 - src.game - [WARNING] Mesh file not found: /home/bensuth86/PycharmProjects/SideScollerUnderwater/assets/mesh_files/level1_waterflow.npy
[WARNING] 12:24:58 - loggers.logging_fnc - [PERF] Critical low FPS: 0.0
[WARNING] 12:24:58 - loggers.logging_fnc - [PERF] Critical low FPS: 0.0
[WARNING] 12:24:58 - loggers.logging_fnc - [PERF] Critical low FPS: 0.0
[WARNING] 12:24:58 - loggers.logging_fnc - [PERF] Critical low FPS: 0.0
[WARNING] 12:24:58 - loggers.logging_fnc - [PERF] Critical low FPS: 0.0
[WARNING] 12:24:58 - loggers.logging_fnc - [PERF] Critical low FPS: 0.0
[WARNING] 12:24:58 - loggers.logging_fnc - [PERF] Critical low FPS: 0.0
[WARNING] 12:24:58 - loggers.logging_fnc - [PERF] Critical low FPS: 0.0
[WARNING] 12:24:58 - loggers.logging_fnc - [PERF] Critical low FPS: 0.0
[WARNING] 12:24:58 - loggers.logging_fnc - [PERF] Critical low FPS: 0.0
[WARNING] 12:25:12 - loggers.logging_fnc - [PERF] Low FPS: 29.8 — adaptive rendering triggered.
[WARNING] 12:25:12 - loggers.logging_fnc - [PERF] Low FPS: 29.8 — adaptive rendering triggered.
[WARNING] 12:25:12 - loggers.logging_fnc - [PERF] Low FPS: 29.8 — adaptive rendering triggered.
[WARNING] 12:25:12 - loggers.logging_fnc - [PERF] Low FPS: 29.8 — adaptive rendering triggered.
[WARNING] 12:25:12 - loggers.logging_fnc - [PERF] Low FPS: 29.8 — adaptive rendering triggered.
[WARNING] 12:25:12 - loggers.logging_fnc - [PERF] Low FPS: 29.8 — adaptive rendering triggered.
[WARNING] 12:25:12 - loggers.logging_fnc - [PERF] Low FPS: 29.8 — adaptive rendering triggered.
[WARNING] 12:25:12 - loggers.logging_fnc - [PERF] Low FPS: 29.8 — adaptive rendering triggered.
[WARNING] 12:25:12 - loggers.logging_fnc - [PERF] Low FPS: 29.8 — adaptive rendering triggered.
[WARNING] 12:25:12 - loggers.logging_fnc - [PERF] Low FPS: 29.8 — adaptive rendering triggered.
[WARNING] 12:25:22 - loggers.logging_fnc - [PERF] Low FPS: 26.7 — adaptive rendering triggered.
[WARNING] 12:25:22 - loggers.logging_fnc - [PERF] Low FPS: 26.7 — adaptive rendering triggered.
[WARNING] 12:25:22 - loggers.logging_fnc - [PERF] Low FPS: 26.7 — adaptive rendering triggered.
[WARNING] 12:25:22 - loggers.logging_fnc - [PERF] Low FPS: 26.7 — adaptive rendering triggered.
[WARNING] 12:25:22 - loggers.logging_fnc - [PERF] Low FPS: 26.7 — adaptive rendering triggered.
[WARNING] 12:25:22 - loggers.logging_fnc - [PERF] Low FPS: 26.7 — adaptive rendering triggered.
[WARNING] 12:25:22 - loggers.logging_fnc - [PERF] Low FPS: 26.7 — adaptive rendering triggered.
[WARNING] 12:25:22 - loggers.logging_fnc - [PERF] Low FPS: 26.7 — adaptive rendering triggered.
[WARNING] 12:25:22 - loggers.logging_fnc - [PERF] Low FPS: 26.7 — adaptive rendering triggered.
[WARNING] 12:25:22 - loggers.logging_fnc - [PERF] Low FPS: 26.7 — adaptive rendering triggered.
[WARNING] 12:25:37 - loggers.logging_fnc - [PERF] Low FPS: 26.7 — adaptive rendering triggered.
[WARNING] 12:25:37 - loggers.logging_fnc - [PERF] Low FPS: 26.7 — adaptive rendering triggered.
[WARNING] 12:25:37 - loggers.logging_fnc - [PERF] Low FPS: 26.7 — adaptive rendering triggered.
[WARNING] 12:25:37 - loggers.logging_fnc - [PERF] Low FPS: 26.7 — adaptive rendering triggered.
[WARNING] 12:25:37 - loggers.logging_fnc - [PERF] Low FPS: 26.7 — adaptive rendering triggered.
[WARNING] 12:25:37 - loggers.logging_fnc - [PERF] Low FPS: 26.7 — adaptive rendering triggered.
[WARNING] 12:25:37 - loggers.logging_fnc - [PERF] Low FPS: 26.7 — adaptive rendering triggered.
[WARNING] 12:25:37 - loggers.logging_fnc - [PERF] Low FPS: 26.7 — adaptive rendering triggered.
[WARNING] 12:25:37 - loggers.logging_fnc - [PERF] Low FPS: 26.7 — adaptive rendering triggered.
[WARNING] 12:25:37 - loggers.logging_fnc - [PERF] Low FPS: 26.7 — adaptive rendering triggered.
